// Jest Snapshot v1, https://goo.gl/fbAQLP

exports[`should render Header component 1`] = `
<div>
  <div
    class="header"
  >
    <span />
    <span />
  </div>
</div>
`;
