// Jest Snapshot v1, https://goo.gl/fbAQLP

exports[`clickButton on input change 1`] = `[Function]`;

exports[`should render Parent component 1`] = `
<div>
  <div
    class="App"
  >
    <h1>
      Rendering Times Demo
    </h1>
    <span>
      hint: you can open developer tools to see the differentces
    </span>
    <div
      class="parent"
    >
      <button
        class="button"
        title="parent_button"
      >
        switch to memo
      </button>
      <h1>
        Hello from Parent: 
        0
      </h1>
      <div>
        <button>
          +1
        </button>
        <input
          class="input"
          title="parent_input"
          type="text"
        />
      </div>
    </div>
    <div
      class="Child"
    >
      <h1>
        Child without Memoization - 
        0
      </h1>
    </div>
  </div>
</div>
`;
